------------------------------------------------------------
TimeQuest Timing Analyzer Summary
------------------------------------------------------------

Type  : Slow 1100mV 85C Model Setup 'clk'
Slack : -1.221
TNS   : -2.231

Type  : Slow 1100mV 85C Model Hold 'clk'
Slack : 0.861
TNS   : 0.000

Type  : Slow 1100mV 85C Model Minimum Pulse Width 'clk'
Slack : -0.724
TNS   : -3.321

Type  : Slow 1100mV 0C Model Setup 'clk'
Slack : -1.093
TNS   : -2.042

Type  : Slow 1100mV 0C Model Hold 'clk'
Slack : 0.789
TNS   : 0.000

Type  : Slow 1100mV 0C Model Minimum Pulse Width 'clk'
Slack : -0.724
TNS   : -3.381

Type  : Fast 1100mV 85C Model Setup 'clk'
Slack : 0.090
TNS   : 0.000

Type  : Fast 1100mV 85C Model Hold 'clk'
Slack : 0.393
TNS   : 0.000

Type  : Fast 1100mV 85C Model Minimum Pulse Width 'clk'
Slack : -0.076
TNS   : -0.228

Type  : Fast 1100mV 0C Model Setup 'clk'
Slack : 0.158
TNS   : 0.000

Type  : Fast 1100mV 0C Model Hold 'clk'
Slack : 0.353
TNS   : 0.000

Type  : Fast 1100mV 0C Model Minimum Pulse Width 'clk'
Slack : -0.078
TNS   : -0.234

------------------------------------------------------------
